2026-01-16 05:25:02,089 - INFO - ============================================================
2026-01-16 05:25:02,089 - INFO - AI GYM TRAINER - PROFESSIONAL EDITION
2026-01-16 05:25:02,090 - INFO - ============================================================
2026-01-16 05:25:02,090 - INFO - Loading ML model...
2026-01-16 05:25:16,880 - INFO - Initializing camera...
2026-01-16 05:25:20,019 - INFO - Visual feedback system initialized
2026-01-16 05:25:20,020 - INFO - Expert coach initialized
2026-01-16 05:25:20,021 - INFO - Initialization complete
2026-01-16 05:25:20,021 - INFO - Starting user calibration...
2026-01-16 05:25:28,886 - INFO - Calibration complete. Min angle: 12.6°, Max angle: 72.9°
2026-01-16 05:25:28,890 - INFO - Calibration data saved to user_calibration/user_default_20260116_052528.json
2026-01-16 05:25:28,890 - INFO - Starting main loop...
2026-01-16 05:34:39,753 - INFO - Interrupted by user
2026-01-16 05:34:39,755 - INFO - Cleaning up resources...
2026-01-16 05:34:40,202 - INFO - 
            ========================================
            SESSION SUMMARY
            ========================================
            Total Reps: 1
            Average Form Score: 81.3%
            Best Form Score: 81.3%
            Average Rep Duration: 9.37s
            Consistency: 12.1%
            Session Duration: 551.3s
            Reps per Minute: 0.1
            Model Type: heuristic
            ========================================
            
2026-01-16 05:34:40,202 - INFO - Cleanup complete
